// Jest Snapshot v1, https://goo.gl/fbAQLP

exports[`test 1`] = `2`;
